[INFO] [launch]: All log files can be found below /home/ammar/.ros/log/2026-05-10-19-22-30-409466-ammar-Swift-SF314-43-221726
[INFO] [launch]: Default logging verbosity is set to INFO
[INFO] [launch.user]: Gazebo Transport partition: pendulum_221726
[INFO] [gazebo-1]: process started with pid [221753]
[INFO] [robot_state_publisher-2]: process started with pid [221754]
[INFO] [create-3]: process started with pid [221755]
[INFO] [parameter_bridge-4]: process started with pid [221756]
[INFO] [sim_serial_bridge-5]: process started with pid [221758]
[robot_state_publisher-2] [INFO] [1778415750.845204171] [robot_state_publisher]: Robot initialized
[create-3] [INFO] [1778415750.854953925] [ros_gz_sim]: Requesting list of world names.
[parameter_bridge-4] [INFO] [1778415750.869486726] [ros_gz_bridge]: Creating GZ->ROS Bridge: [/clock (gz.msgs.Clock) -> /clock (rosgraph_msgs/msg/Clock)] (Lazy 0)
[parameter_bridge-4] [INFO] [1778415750.871051779] [ros_gz_bridge]: Creating GZ->ROS Bridge: [/world/empty/model/linear_inverted_pendulum/joint_state (gz.msgs.Model) -> /world/empty/model/linear_inverted_pendulum/joint_state (sensor_msgs/msg/JointState)] (Lazy 0)
[parameter_bridge-4] [INFO] [1778415750.874185492] [ros_gz_bridge]: Creating ROS->GZ Bridge: [/model/linear_inverted_pendulum/joint/cart_slider/cmd_force (std_msgs/msg/Float64) -> /model/linear_inverted_pendulum/joint/cart_slider/cmd_force (gz.msgs.Double)] (Lazy 0)
[parameter_bridge-4] [INFO] [1778415750.875458292] [ros_gz_bridge]: Creating ROS->GZ Bridge: [/model/linear_inverted_pendulum/joint/pendulum_hinge/cmd_force (std_msgs/msg/Float64) -> /model/linear_inverted_pendulum/joint/pendulum_hinge/cmd_force (gz.msgs.Double)] (Lazy 0)
[create-3] [INFO] [1778415751.328416893] [ros_gz_sim]: Waiting messages on topic [robot_description].
[create-3] [INFO] [1778415751.340402583] [ros_gz_sim]: Entity creation successful.
[sim_serial_bridge-5] [INFO] [1778415751.384746749] [pendulum_lqr_serial_bridge]: Pseudo serial ready at /tmp/pendulum_lqr_command_serial. Run the GUI with PENDULUM_PORT pointing there.
[sim_serial_bridge-5] [INFO] [1778415751.386323153] [pendulum_lqr_serial_bridge]: Manual-book motor model: deadband=3212 PWM, slope=189.1 PWM/(cm/s), tau=0.40s
[sim_serial_bridge-5] [INFO] [1778415751.387888837] [pendulum_lqr_serial_bridge]: Real-like force caps: swing=145.0 N, catch=95.0 N, balance=45.0 N, absolute=150.0 N
[sim_serial_bridge-5] [INFO] [1778415751.389450765] [pendulum_lqr_serial_bridge]: Active LQR upright controller gain (force input): 63.25, 77.33, 554.62, 139.12
[INFO] [create-3]: process has finished cleanly [pid 221755]
[gazebo-1] [1;33mWarning [parser_urdf.cc:1220][0m Attribute value string not set
[gazebo-1] [1;33mWarning [parser_urdf.cc:1220][0m Attribute value string not set
[gazebo-1] [1;33mWarning [parser_urdf.cc:1220][0m Attribute value string not set
[parameter_bridge-4] [INFO] [1778415753.069484249] [ros_gz_bridge]: Passing message from ROS std_msgs/msg/Float64 to Gazebo gz.msgs.Double (showing msg only once per type)
[sim_serial_bridge-5] [INFO] [1778415753.168789870] [pendulum_lqr_serial_bridge]: External disturbance set: force=0.000 N, torque=0.000 Nm
