[INFO] [launch]: All log files can be found below /home/ammar/.ros/log/2026-05-10-19-22-58-354534-ammar-Swift-SF314-43-221984
[INFO] [launch]: Default logging verbosity is set to INFO
[INFO] [launch.user]: Gazebo Transport partition: pendulum_221984
[INFO] [gazebo-1]: process started with pid [222067]
[INFO] [robot_state_publisher-2]: process started with pid [222068]
[INFO] [create-3]: process started with pid [222070]
[INFO] [parameter_bridge-4]: process started with pid [222071]
[INFO] [pid_serial_bridge-5]: process started with pid [222072]
[robot_state_publisher-2] [INFO] [1778415778.887942909] [robot_state_publisher]: Robot initialized
[create-3] [INFO] [1778415778.909083556] [ros_gz_sim]: Requesting list of world names.
[parameter_bridge-4] [INFO] [1778415778.929246097] [ros_gz_bridge]: Creating GZ->ROS Bridge: [/clock (gz.msgs.Clock) -> /clock (rosgraph_msgs/msg/Clock)] (Lazy 0)
[parameter_bridge-4] [INFO] [1778415778.930867559] [ros_gz_bridge]: Creating GZ->ROS Bridge: [/world/empty/model/linear_inverted_pendulum/joint_state (gz.msgs.Model) -> /world/empty/model/linear_inverted_pendulum/joint_state (sensor_msgs/msg/JointState)] (Lazy 0)
[parameter_bridge-4] [INFO] [1778415778.934724333] [ros_gz_bridge]: Creating ROS->GZ Bridge: [/model/linear_inverted_pendulum/joint/cart_slider/cmd_force (std_msgs/msg/Float64) -> /model/linear_inverted_pendulum/joint/cart_slider/cmd_force (gz.msgs.Double)] (Lazy 0)
[parameter_bridge-4] [INFO] [1778415778.936439864] [ros_gz_bridge]: Creating ROS->GZ Bridge: [/model/linear_inverted_pendulum/joint/pendulum_hinge/cmd_force (std_msgs/msg/Float64) -> /model/linear_inverted_pendulum/joint/pendulum_hinge/cmd_force (gz.msgs.Double)] (Lazy 0)
[create-3] [INFO] [1778415779.529620193] [ros_gz_sim]: Waiting messages on topic [robot_description].
[pid_serial_bridge-5] [INFO] [1778415779.532335859] [pendulum_pid_serial_bridge]: Pseudo serial ready at /tmp/pendulum_pid_command_serial. Run the GUI with PENDULUM_PORT pointing there.
[pid_serial_bridge-5] [INFO] [1778415779.534175282] [pendulum_pid_serial_bridge]: Manual-book motor model: deadband=3212 PWM, slope=189.1 PWM/(cm/s), tau=0.40s
[pid_serial_bridge-5] [INFO] [1778415779.535831737] [pendulum_pid_serial_bridge]: Real-like force caps: swing=145.0 N, catch=95.0 N, balance=45.0 N, absolute=150.0 N
[pid_serial_bridge-5] [INFO] [1778415779.537455563] [pendulum_pid_serial_bridge]: PID balance controller active: theta P/I/D plus cart-centering PD.
[create-3] [INFO] [1778415779.542646343] [ros_gz_sim]: Entity creation successful.
[INFO] [create-3]: process has finished cleanly [pid 222070]
[gazebo-1] [1;33mWarning [parser_urdf.cc:1220][0m Attribute value string not set
[gazebo-1] [1;33mWarning [parser_urdf.cc:1220][0m Attribute value string not set
[gazebo-1] [1;33mWarning [parser_urdf.cc:1220][0m Attribute value string not set
[parameter_bridge-4] [INFO] [1778415782.914066952] [ros_gz_bridge]: Passing message from ROS std_msgs/msg/Float64 to Gazebo gz.msgs.Double (showing msg only once per type)
[pid_serial_bridge-5] [INFO] [1778415783.026639073] [pendulum_pid_serial_bridge]: External disturbance set: force=0.000 N, torque=0.000 Nm
