[INFO] [launch]: All log files can be found below /home/ammar/.ros/log/2026-05-10-19-38-24-027964-ammar-Swift-SF314-43-232431
[INFO] [launch]: Default logging verbosity is set to INFO
[INFO] [launch.user]: Gazebo Transport partition: pendulum_232431
[INFO] [gazebo-1]: process started with pid [232507]
[INFO] [robot_state_publisher-2]: process started with pid [232508]
[INFO] [create-3]: process started with pid [232509]
[INFO] [parameter_bridge-4]: process started with pid [232510]
[INFO] [real_serial_bridge-5]: process started with pid [232512]
[robot_state_publisher-2] [INFO] [1778416704.488367879] [robot_state_publisher]: Robot initialized
[create-3] [INFO] [1778416704.500960884] [ros_gz_sim]: Requesting list of world names.
[parameter_bridge-4] [INFO] [1778416704.511757218] [ros_gz_bridge]: Creating GZ->ROS Bridge: [/clock (gz.msgs.Clock) -> /clock (rosgraph_msgs/msg/Clock)] (Lazy 0)
[parameter_bridge-4] [INFO] [1778416704.513242490] [ros_gz_bridge]: Creating GZ->ROS Bridge: [/world/empty/model/linear_inverted_pendulum/joint_state (gz.msgs.Model) -> /world/empty/model/linear_inverted_pendulum/joint_state (sensor_msgs/msg/JointState)] (Lazy 0)
[parameter_bridge-4] [INFO] [1778416704.516131251] [ros_gz_bridge]: Creating ROS->GZ Bridge: [/model/linear_inverted_pendulum/joint/cart_slider/cmd_force (std_msgs/msg/Float64) -> /model/linear_inverted_pendulum/joint/cart_slider/cmd_force (gz.msgs.Double)] (Lazy 0)
[parameter_bridge-4] [INFO] [1778416704.517293552] [ros_gz_bridge]: Creating ROS->GZ Bridge: [/model/linear_inverted_pendulum/joint/pendulum_hinge/cmd_force (std_msgs/msg/Float64) -> /model/linear_inverted_pendulum/joint/pendulum_hinge/cmd_force (gz.msgs.Double)] (Lazy 0)
[real_serial_bridge-5] [INFO] [1778416705.049542669] [pendulum_real_serial_bridge]: Pseudo serial ready at /tmp/pendulum_real_dashboard_serial. Run the GUI with PENDULUM_PORT pointing there.
[real_serial_bridge-5] [INFO] [1778416705.051384904] [pendulum_real_serial_bridge]: Manual-book motor model: deadband=3212 PWM, slope=189.1 PWM/(cm/s), tau=0.40s
[real_serial_bridge-5] [INFO] [1778416705.053224685] [pendulum_real_serial_bridge]: Real-like force caps: swing=145.0 N, catch=95.0 N, balance=45.0 N, absolute=150.0 N
[create-3] [INFO] [1778416705.182990468] [ros_gz_sim]: Waiting messages on topic [robot_description].
[create-3] [INFO] [1778416705.282032824] [ros_gz_sim]: Entity creation successful.
[INFO] [create-3]: process has finished cleanly [pid 232509]
[gazebo-1] [1;33mWarning [parser_urdf.cc:1220][0m Attribute value string not set
[gazebo-1] [1;33mWarning [parser_urdf.cc:1220][0m Attribute value string not set
[gazebo-1] [1;33mWarning [parser_urdf.cc:1220][0m Attribute value string not set
[parameter_bridge-4] [INFO] [1778416706.736768464] [ros_gz_bridge]: Passing message from ROS std_msgs/msg/Float64 to Gazebo gz.msgs.Double (showing msg only once per type)
[real_serial_bridge-5] [INFO] [1778416707.002167766] [pendulum_real_serial_bridge]: External disturbance set: force=0.000 N, torque=0.000 Nm
[real_serial_bridge-5] [INFO] [1778416717.636325910] [pendulum_real_serial_bridge]: External disturbance set: force=2.000 N, torque=0.800 Nm
[real_serial_bridge-5] [INFO] [1778416717.838470751] [pendulum_real_serial_bridge]: External disturbance set: force=0.000 N, torque=0.000 Nm
[real_serial_bridge-5] [INFO] [1778416721.462543067] [pendulum_real_serial_bridge]: External disturbance set: force=0.000 N, torque=0.000 Nm
