[INFO] [launch]: All log files can be found below /home/ammar/.ros/log/2026-05-10-12-16-58-678998-ammar-Swift-SF314-43-167771
[INFO] [launch]: Default logging verbosity is set to INFO
[INFO] [launch.user]: Gazebo Transport partition: pendulum_167771
[INFO] [gazebo-1]: process started with pid [167829]
[INFO] [robot_state_publisher-2]: process started with pid [167830]
[INFO] [create-3]: process started with pid [167831]
[INFO] [parameter_bridge-4]: process started with pid [167832]
[INFO] [sim_serial_bridge-5]: process started with pid [167834]
[robot_state_publisher-2] [INFO] [1778390219.114252445] [robot_state_publisher]: Robot initialized
[create-3] [INFO] [1778390219.125586480] [ros_gz_sim]: Requesting list of world names.
[parameter_bridge-4] [INFO] [1778390219.142222299] [ros_gz_bridge]: Creating GZ->ROS Bridge: [/clock (gz.msgs.Clock) -> /clock (rosgraph_msgs/msg/Clock)] (Lazy 0)
[parameter_bridge-4] [INFO] [1778390219.143780627] [ros_gz_bridge]: Creating GZ->ROS Bridge: [/world/empty/model/linear_inverted_pendulum/joint_state (gz.msgs.Model) -> /world/empty/model/linear_inverted_pendulum/joint_state (sensor_msgs/msg/JointState)] (Lazy 0)
[parameter_bridge-4] [INFO] [1778390219.147104787] [ros_gz_bridge]: Creating ROS->GZ Bridge: [/model/linear_inverted_pendulum/joint/cart_slider/cmd_force (std_msgs/msg/Float64) -> /model/linear_inverted_pendulum/joint/cart_slider/cmd_force (gz.msgs.Double)] (Lazy 0)
[parameter_bridge-4] [INFO] [1778390219.148310155] [ros_gz_bridge]: Creating ROS->GZ Bridge: [/model/linear_inverted_pendulum/joint/pendulum_hinge/cmd_force (std_msgs/msg/Float64) -> /model/linear_inverted_pendulum/joint/pendulum_hinge/cmd_force (gz.msgs.Double)] (Lazy 0)
[create-3] [INFO] [1778390219.621398454] [ros_gz_sim]: Waiting messages on topic [robot_description].
[create-3] [INFO] [1778390219.633504444] [ros_gz_sim]: Entity creation successful.
[sim_serial_bridge-5] [INFO] [1778390219.681043827] [pendulum_sim_serial_bridge]: Pseudo serial ready at /tmp/pendulum_smooth_ros2_serial. Run the GUI with PENDULUM_PORT pointing there.
[sim_serial_bridge-5] [INFO] [1778390219.683239064] [pendulum_sim_serial_bridge]: Manual-book motor model: deadband=3212 PWM, slope=189.1 PWM/(cm/s), tau=0.40s
[sim_serial_bridge-5] [INFO] [1778390219.685656703] [pendulum_sim_serial_bridge]: Real-like force caps: swing=90.0 N, catch=95.0 N, balance=60.0 N, absolute=150.0 N
[INFO] [create-3]: process has finished cleanly [pid 167831]
[gazebo-1] [1;33mWarning [parser_urdf.cc:1220][0m Attribute value string not set
[gazebo-1] [1;33mWarning [parser_urdf.cc:1220][0m Attribute value string not set
[gazebo-1] [1;33mWarning [parser_urdf.cc:1220][0m Attribute value string not set
[parameter_bridge-4] [INFO] [1778390221.358087627] [ros_gz_bridge]: Passing message from ROS std_msgs/msg/Float64 to Gazebo gz.msgs.Double (showing msg only once per type)
